---
version: 1
interactions:
- request:
    body: |
      ["all-applications"]
    form: {}
    headers:
      Content-Type:
      - application/json
      User-Agent:
      - Go-Auth0-SDK/0.6.4
    url: https://terraform-provider-auth0-dev.eu.auth0.com/api/v2/guardian/policies
    method: PUT
  response:
    body: '["all-applications"]'
    headers:
      Content-Type:
      - application/json; charset=utf-8
    status: 200 OK
    code: 200
    duration: 1ms
- request:
    body: |
      {"enabled":true}
    form: {}
    headers:
      Content-Type:
      - application/json
      User-Agent:
      - Go-Auth0-SDK/0.6.4
    url: https://terraform-provider-auth0-dev.eu.auth0.com/api/v2/guardian/factors/sms
    method: PUT
  response:
    body: '{"enabled":true}'
    headers:
      Content-Type:
      - application/json; charset=utf-8
    status: 200 OK
    code: 200
    duration: 1ms
- request:
    body: |
      {"from":"from bar","messaging_service_sid":"foo","auth_token":"bar","sid":"foo"}
    form: {}
    headers:
      Content-Type:
      - application/json
      User-Agent:
      - Go-Auth0-SDK/0.6.4
    url: https://terraform-provider-auth0-dev.eu.auth0.com/api/v2/guardian/factors/sms/providers/twilio
    method: PUT
  response:
    body: '{"from":"from bar","messaging_service_sid":"foo","auth_token":"bar","sid":"foo"}'
    headers:
      Content-Type:
      - application/json; charset=utf-8
    status: 200 OK
    code: 200
    duration: 1ms
- request:
    body: |
      {"enrollment_message":"enroll foo","verification_message":"verify foo"}
    form: {}
    headers:
      Content-Type:
      - application/json
      User-Agent:
      - Go-Auth0-SDK/0.6.4
    url: https://terraform-provider-auth0-dev.eu.auth0.com/api/v2/guardian/factors/sms/templates
    method: PUT
  response:
    body: '{"enrollment_message":"enroll foo","verification_message":"verify foo"}'
    headers:
      Content-Type:
      - application/json; charset=utf-8
    status: 200 OK
    code: 200
    duration: 1ms
- request:
    body: |
      {"provider":"twilio"}
    form: {}
    headers:
      Content-Type:
      - application/json
      User-Agent:
      - Go-Auth0-SDK/0.6.4
    url: https://terraform-provider-auth0-dev.eu.auth0.com/api/v2/guardian/factors/phone/selected-provider
    method: PUT
  response:
    body: '{"provider":"twilio"}'
    headers:
      Content-Type:
      - application/json; charset=utf-8
    status: 200 OK
    code: 200
    duration: 1ms
- request:
    body: |
      {"message_types":["sms"]}
    form: {}
    headers:
      Content-Type:
      - application/json
      User-Agent:
      - Go-Auth0-SDK/0.6.4
    url: https://terraform-provider-auth0-dev.eu.auth0.com/api/v2/guardian/factors/phone/message-types
    method: PUT
  response:
    body: '{"message_types":["sms"]}'
    headers:
      Content-Type:
      - application/json; charset=utf-8
    status: 200 OK
    code: 200
    duration: 1ms
- request:
    body: |
      null
    form: {}
    headers:
      Content-Type:
      - application/json
      User-Agent:
      - Go-Auth0-SDK/0.6.4
    url: https://terraform-provider-auth0-dev.eu.auth0.com/api/v2/guardian/policies
    method: GET
  response:
    body: '["all-applications"]'
    headers:
      Content-Type:
      - application/json; charset=utf-8
    status: 200 OK
    code: 200
    duration: 1ms
- request:
    body: |
      null
    form: {}
    headers:
      Content-Type:
      - application/json
      User-Agent:
      - Go-Auth0-SDK/0.6.4
    url: https://terraform-provider-auth0-dev.eu.auth0.com/api/v2/guardian/factors
    method: GET
  response:
    body: '[{"name":"sms","enabled":true,"trial_expired":false},{"name":"push-notification","enabled":false,"trial_expired":false},{"name":"otp","enabled":false,"trial_expired":false},{"name":"email","enabled":false,"trial_expired":false},{"name":"duo","enabled":false,"trial_expired":false},{"name":"webauthn-roaming","enabled":false,"trial_expired":false},{"name":"webauthn-platform","enabled":false,"trial_expired":false},{"name":"recovery-code","enabled":false,"trial_expired":false}]'
    headers:
      Content-Type:
      - application/json; charset=utf-8
    status: 200 OK
    code: 200
    duration: 1ms
- request:
    body: |
      null
    form: {}
    headers:
      Content-Type:
      - application/json
      User-Agent:
      - Go-Auth0-SDK/0.6.4
    url: https://terraform-provider-auth0-dev.eu.auth0.com/api/v2/guardian/factors/phone/message-types
    method: GET
  response:
    body: '{"message_types":["sms"]}'
    headers:
      Content-Type:
      - application/json; charset=utf-8
    status: 200 OK
    code: 200
    duration: 1ms
- request:
    body: |
      null
    form: {}
    headers:
      Content-Type:
      - application/json
      User-Agent:
      - Go-Auth0-SDK/0.6.4
    url: https://terraform-provider-auth0-dev.eu.auth0.com/api/v2/guardian/factors/phone/selected-provider
    method: GET
  response:
    body: '{"provider":"twilio"}'
    headers:
      Content-Type:
      - application/json; charset=utf-8
    status: 200 OK
    code: 200
    duration: 1ms
- request:
    body: |
      null
    form: {}
    headers:
      Content-Type:
      - application/json
      User-Agent:
      - Go-Auth0-SDK/0.6.4
    url: https://terraform-provider-auth0-dev.eu.auth0.com/api/v2/guardian/factors/sms/templates
    method: GET
  response:
    body: '{"enrollment_message":"enroll foo","verification_message":"verify foo"}'
    headers:
      Content-Type:
      - application/json; charset=utf-8
    status: 200 OK
    code: 200
    duration: 1ms
- request:
    body: |
      null
    form: {}
    headers:
      Content-Type:
      - application/json
      User-Agent:
      - Go-Auth0-SDK/0.6.4
    url: https://terraform-provider-auth0-dev.eu.auth0.com/api/v2/guardian/factors/sms/providers/twilio
    method: GET
  response:
    body: '{"auth_token":"bar","sid":"foo","from":"from bar","messaging_service_sid":"foo"}'
    headers:
      Content-Type:
      - application/json; charset=utf-8
    status: 200 OK
    code: 200
    duration: 1ms
- request:
    body: |
      null
    form: {}
    headers:
      Content-Type:
      - application/json
      User-Agent:
      - Go-Auth0-SDK/0.6.4
    url: https://terraform-provider-auth0-dev.eu.auth0.com/api/v2/guardian/policies
    method: GET
  response:
    body: '["all-applications"]'
    headers:
      Content-Type:
      - application/json; charset=utf-8
    status: 200 OK
    code: 200
    duration: 1ms
- request:
    body: |
      null
    form: {}
    headers:
      Content-Type:
      - application/json
      User-Agent:
      - Go-Auth0-SDK/0.6.4
    url: https://terraform-provider-auth0-dev.eu.auth0.com/api/v2/guardian/factors
    method: GET
  response:
    body: '[{"name":"sms","enabled":true,"trial_expired":false},{"name":"push-notification","enabled":false,"trial_expired":false},{"name":"otp","enabled":false,"trial_expired":false},{"name":"email","enabled":false,"trial_expired":false},{"name":"duo","enabled":false,"trial_expired":false},{"name":"webauthn-roaming","enabled":false,"trial_expired":false},{"name":"webauthn-platform","enabled":false,"trial_expired":false},{"name":"recovery-code","enabled":false,"trial_expired":false}]'
    headers:
      Content-Type:
      - application/json; charset=utf-8
    status: 200 OK
    code: 200
    duration: 1ms
- request:
    body: |
      null
    form: {}
    headers:
      Content-Type:
      - application/json
      User-Agent:
      - Go-Auth0-SDK/0.6.4
    url: https://terraform-provider-auth0-dev.eu.auth0.com/api/v2/guardian/factors/phone/message-types
    method: GET
  response:
    body: '{"message_types":["sms"]}'
    headers:
      Content-Type:
      - application/json; charset=utf-8
    status: 200 OK
    code: 200
    duration: 1ms
- request:
    body: |
      null
    form: {}
    headers:
      Content-Type:
      - application/json
      User-Agent:
      - Go-Auth0-SDK/0.6.4
    url: https://terraform-provider-auth0-dev.eu.auth0.com/api/v2/guardian/factors/phone/selected-provider
    method: GET
  response:
    body: '{"provider":"twilio"}'
    headers:
      Content-Type:
      - application/json; charset=utf-8
    status: 200 OK
    code: 200
    duration: 1ms
- request:
    body: |
      null
    form: {}
    headers:
      Content-Type:
      - application/json
      User-Agent:
      - Go-Auth0-SDK/0.6.4
    url: https://terraform-provider-auth0-dev.eu.auth0.com/api/v2/guardian/factors/sms/templates
    method: GET
  response:
    body: '{"enrollment_message":"enroll foo","verification_message":"verify foo"}'
    headers:
      Content-Type:
      - application/json; charset=utf-8
    status: 200 OK
    code: 200
    duration: 1ms
- request:
    body: |
      null
    form: {}
    headers:
      Content-Type:
      - application/json
      User-Agent:
      - Go-Auth0-SDK/0.6.4
    url: https://terraform-provider-auth0-dev.eu.auth0.com/api/v2/guardian/factors/sms/providers/twilio
    method: GET
  response:
    body: '{"auth_token":"bar","sid":"foo","from":"from bar","messaging_service_sid":"foo"}'
    headers:
      Content-Type:
      - application/json; charset=utf-8
    status: 200 OK
    code: 200
    duration: 1ms
- request:
    body: |
      null
    form: {}
    headers:
      Content-Type:
      - application/json
      User-Agent:
      - Go-Auth0-SDK/0.6.4
    url: https://terraform-provider-auth0-dev.eu.auth0.com/api/v2/guardian/policies
    method: GET
  response:
    body: '["all-applications"]'
    headers:
      Content-Type:
      - application/json; charset=utf-8
    status: 200 OK
    code: 200
    duration: 1ms
- request:
    body: |
      null
    form: {}
    headers:
      Content-Type:
      - application/json
      User-Agent:
      - Go-Auth0-SDK/0.6.4
    url: https://terraform-provider-auth0-dev.eu.auth0.com/api/v2/guardian/factors
    method: GET
  response:
    body: '[{"name":"sms","enabled":true,"trial_expired":false},{"name":"push-notification","enabled":false,"trial_expired":false},{"name":"otp","enabled":false,"trial_expired":false},{"name":"email","enabled":false,"trial_expired":false},{"name":"duo","enabled":false,"trial_expired":false},{"name":"webauthn-roaming","enabled":false,"trial_expired":false},{"name":"webauthn-platform","enabled":false,"trial_expired":false},{"name":"recovery-code","enabled":false,"trial_expired":false}]'
    headers:
      Content-Type:
      - application/json; charset=utf-8
    status: 200 OK
    code: 200
    duration: 1ms
- request:
    body: |
      null
    form: {}
    headers:
      Content-Type:
      - application/json
      User-Agent:
      - Go-Auth0-SDK/0.6.4
    url: https://terraform-provider-auth0-dev.eu.auth0.com/api/v2/guardian/factors/phone/message-types
    method: GET
  response:
    body: '{"message_types":["sms"]}'
    headers:
      Content-Type:
      - application/json; charset=utf-8
    status: 200 OK
    code: 200
    duration: 1ms
- request:
    body: |
      null
    form: {}
    headers:
      Content-Type:
      - application/json
      User-Agent:
      - Go-Auth0-SDK/0.6.4
    url: https://terraform-provider-auth0-dev.eu.auth0.com/api/v2/guardian/factors/phone/selected-provider
    method: GET
  response:
    body: '{"provider":"twilio"}'
    headers:
      Content-Type:
      - application/json; charset=utf-8
    status: 200 OK
    code: 200
    duration: 1ms
- request:
    body: |
      null
    form: {}
    headers:
      Content-Type:
      - application/json
      User-Agent:
      - Go-Auth0-SDK/0.6.4
    url: https://terraform-provider-auth0-dev.eu.auth0.com/api/v2/guardian/factors/sms/templates
    method: GET
  response:
    body: '{"enrollment_message":"enroll foo","verification_message":"verify foo"}'
    headers:
      Content-Type:
      - application/json; charset=utf-8
    status: 200 OK
    code: 200
    duration: 1ms
- request:
    body: |
      null
    form: {}
    headers:
      Content-Type:
      - application/json
      User-Agent:
      - Go-Auth0-SDK/0.6.4
    url: https://terraform-provider-auth0-dev.eu.auth0.com/api/v2/guardian/factors/sms/providers/twilio
    method: GET
  response:
    body: '{"auth_token":"bar","sid":"foo","from":"from bar","messaging_service_sid":"foo"}'
    headers:
      Content-Type:
      - application/json; charset=utf-8
    status: 200 OK
    code: 200
    duration: 1ms
- request:
    body: |
      {"enabled":false}
    form: {}
    headers:
      Content-Type:
      - application/json
      User-Agent:
      - Go-Auth0-SDK/0.6.4
    url: https://terraform-provider-auth0-dev.eu.auth0.com/api/v2/guardian/factors/sms
    method: PUT
  response:
    body: '{"enabled":false}'
    headers:
      Content-Type:
      - application/json; charset=utf-8
    status: 200 OK
    code: 200
    duration: 1ms
- request:
    body: |
      null
    form: {}
    headers:
      Content-Type:
      - application/json
      User-Agent:
      - Go-Auth0-SDK/0.6.4
    url: https://terraform-provider-auth0-dev.eu.auth0.com/api/v2/guardian/policies
    method: GET
  response:
    body: '["all-applications"]'
    headers:
      Content-Type:
      - application/json; charset=utf-8
    status: 200 OK
    code: 200
    duration: 1ms
- request:
    body: |
      null
    form: {}
    headers:
      Content-Type:
      - application/json
      User-Agent:
      - Go-Auth0-SDK/0.6.4
    url: https://terraform-provider-auth0-dev.eu.auth0.com/api/v2/guardian/factors
    method: GET
  response:
    body: '[{"name":"sms","enabled":false,"trial_expired":false},{"name":"push-notification","enabled":false,"trial_expired":false},{"name":"otp","enabled":false,"trial_expired":false},{"name":"email","enabled":false,"trial_expired":false},{"name":"duo","enabled":false,"trial_expired":false},{"name":"webauthn-roaming","enabled":false,"trial_expired":false},{"name":"webauthn-platform","enabled":false,"trial_expired":false},{"name":"recovery-code","enabled":false,"trial_expired":false}]'
    headers:
      Content-Type:
      - application/json; charset=utf-8
    status: 200 OK
    code: 200
    duration: 1ms
- request:
    body: |
      null
    form: {}
    headers:
      Content-Type:
      - application/json
      User-Agent:
      - Go-Auth0-SDK/0.6.4
    url: https://terraform-provider-auth0-dev.eu.auth0.com/api/v2/guardian/policies
    method: GET
  response:
    body: '["all-applications"]'
    headers:
      Content-Type:
      - application/json; charset=utf-8
    status: 200 OK
    code: 200
    duration: 1ms
- request:
    body: |
      null
    form: {}
    headers:
      Content-Type:
      - application/json
      User-Agent:
      - Go-Auth0-SDK/0.6.4
    url: https://terraform-provider-auth0-dev.eu.auth0.com/api/v2/guardian/factors
    method: GET
  response:
    body: '[{"name":"sms","enabled":false,"trial_expired":false},{"name":"push-notification","enabled":false,"trial_expired":false},{"name":"otp","enabled":false,"trial_expired":false},{"name":"email","enabled":false,"trial_expired":false},{"name":"duo","enabled":false,"trial_expired":false},{"name":"webauthn-roaming","enabled":false,"trial_expired":false},{"name":"webauthn-platform","enabled":false,"trial_expired":false},{"name":"recovery-code","enabled":false,"trial_expired":false}]'
    headers:
      Content-Type:
      - application/json; charset=utf-8
    status: 200 OK
    code: 200
    duration: 1ms
- request:
    body: |
      null
    form: {}
    headers:
      Content-Type:
      - application/json
      User-Agent:
      - Go-Auth0-SDK/0.6.4
    url: https://terraform-provider-auth0-dev.eu.auth0.com/api/v2/guardian/policies
    method: GET
  response:
    body: '["all-applications"]'
    headers:
      Content-Type:
      - application/json; charset=utf-8
    status: 200 OK
    code: 200
    duration: 1ms
- request:
    body: |
      null
    form: {}
    headers:
      Content-Type:
      - application/json
      User-Agent:
      - Go-Auth0-SDK/0.6.4
    url: https://terraform-provider-auth0-dev.eu.auth0.com/api/v2/guardian/factors
    method: GET
  response:
    body: '[{"name":"sms","enabled":false,"trial_expired":false},{"name":"push-notification","enabled":false,"trial_expired":false},{"name":"otp","enabled":false,"trial_expired":false},{"name":"email","enabled":false,"trial_expired":false},{"name":"duo","enabled":false,"trial_expired":false},{"name":"webauthn-roaming","enabled":false,"trial_expired":false},{"name":"webauthn-platform","enabled":false,"trial_expired":false},{"name":"recovery-code","enabled":false,"trial_expired":false}]'
    headers:
      Content-Type:
      - application/json; charset=utf-8
    status: 200 OK
    code: 200
    duration: 1ms
- request:
    body: |
      {"enabled":true}
    form: {}
    headers:
      Content-Type:
      - application/json
      User-Agent:
      - Go-Auth0-SDK/0.6.4
    url: https://terraform-provider-auth0-dev.eu.auth0.com/api/v2/guardian/factors/sms
    method: PUT
  response:
    body: '{"enabled":true}'
    headers:
      Content-Type:
      - application/json; charset=utf-8
    status: 200 OK
    code: 200
    duration: 1ms
- request:
    body: |
      {"from":"from bar","messaging_service_sid":"foo","auth_token":"bar","sid":"foo"}
    form: {}
    headers:
      Content-Type:
      - application/json
      User-Agent:
      - Go-Auth0-SDK/0.6.4
    url: https://terraform-provider-auth0-dev.eu.auth0.com/api/v2/guardian/factors/sms/providers/twilio
    method: PUT
  response:
    body: '{"from":"from bar","messaging_service_sid":"foo","auth_token":"bar","sid":"foo"}'
    headers:
      Content-Type:
      - application/json; charset=utf-8
    status: 200 OK
    code: 200
    duration: 1ms
- request:
    body: |
      {"enrollment_message":"enroll foo","verification_message":"verify foo"}
    form: {}
    headers:
      Content-Type:
      - application/json
      User-Agent:
      - Go-Auth0-SDK/0.6.4
    url: https://terraform-provider-auth0-dev.eu.auth0.com/api/v2/guardian/factors/sms/templates
    method: PUT
  response:
    body: '{"enrollment_message":"enroll foo","verification_message":"verify foo"}'
    headers:
      Content-Type:
      - application/json; charset=utf-8
    status: 200 OK
    code: 200
    duration: 1ms
- request:
    body: |
      {"provider":"twilio"}
    form: {}
    headers:
      Content-Type:
      - application/json
      User-Agent:
      - Go-Auth0-SDK/0.6.4
    url: https://terraform-provider-auth0-dev.eu.auth0.com/api/v2/guardian/factors/phone/selected-provider
    method: PUT
  response:
    body: '{"provider":"twilio"}'
    headers:
      Content-Type:
      - application/json; charset=utf-8
    status: 200 OK
    code: 200
    duration: 1ms
- request:
    body: |
      {"message_types":["sms"]}
    form: {}
    headers:
      Content-Type:
      - application/json
      User-Agent:
      - Go-Auth0-SDK/0.6.4
    url: https://terraform-provider-auth0-dev.eu.auth0.com/api/v2/guardian/factors/phone/message-types
    method: PUT
  response:
    body: '{"message_types":["sms"]}'
    headers:
      Content-Type:
      - application/json; charset=utf-8
    status: 200 OK
    code: 200
    duration: 1ms
- request:
    body: |
      null
    form: {}
    headers:
      Content-Type:
      - application/json
      User-Agent:
      - Go-Auth0-SDK/0.6.4
    url: https://terraform-provider-auth0-dev.eu.auth0.com/api/v2/guardian/policies
    method: GET
  response:
    body: '["all-applications"]'
    headers:
      Content-Type:
      - application/json; charset=utf-8
    status: 200 OK
    code: 200
    duration: 1ms
- request:
    body: |
      null
    form: {}
    headers:
      Content-Type:
      - application/json
      User-Agent:
      - Go-Auth0-SDK/0.6.4
    url: https://terraform-provider-auth0-dev.eu.auth0.com/api/v2/guardian/factors
    method: GET
  response:
    body: '[{"name":"sms","enabled":true,"trial_expired":false},{"name":"push-notification","enabled":false,"trial_expired":false},{"name":"otp","enabled":false,"trial_expired":false},{"name":"email","enabled":false,"trial_expired":false},{"name":"duo","enabled":false,"trial_expired":false},{"name":"webauthn-roaming","enabled":false,"trial_expired":false},{"name":"webauthn-platform","enabled":false,"trial_expired":false},{"name":"recovery-code","enabled":false,"trial_expired":false}]'
    headers:
      Content-Type:
      - application/json; charset=utf-8
    status: 200 OK
    code: 200
    duration: 1ms
- request:
    body: |
      null
    form: {}
    headers:
      Content-Type:
      - application/json
      User-Agent:
      - Go-Auth0-SDK/0.6.4
    url: https://terraform-provider-auth0-dev.eu.auth0.com/api/v2/guardian/factors/phone/message-types
    method: GET
  response:
    body: '{"message_types":["sms"]}'
    headers:
      Content-Type:
      - application/json; charset=utf-8
    status: 200 OK
    code: 200
    duration: 1ms
- request:
    body: |
      null
    form: {}
    headers:
      Content-Type:
      - application/json
      User-Agent:
      - Go-Auth0-SDK/0.6.4
    url: https://terraform-provider-auth0-dev.eu.auth0.com/api/v2/guardian/factors/phone/selected-provider
    method: GET
  response:
    body: '{"provider":"twilio"}'
    headers:
      Content-Type:
      - application/json; charset=utf-8
    status: 200 OK
    code: 200
    duration: 1ms
- request:
    body: |
      null
    form: {}
    headers:
      Content-Type:
      - application/json
      User-Agent:
      - Go-Auth0-SDK/0.6.4
    url: https://terraform-provider-auth0-dev.eu.auth0.com/api/v2/guardian/factors/sms/templates
    method: GET
  response:
    body: '{"enrollment_message":"enroll foo","verification_message":"verify foo"}'
    headers:
      Content-Type:
      - application/json; charset=utf-8
    status: 200 OK
    code: 200
    duration: 1ms
- request:
    body: |
      null
    form: {}
    headers:
      Content-Type:
      - application/json
      User-Agent:
      - Go-Auth0-SDK/0.6.4
    url: https://terraform-provider-auth0-dev.eu.auth0.com/api/v2/guardian/factors/sms/providers/twilio
    method: GET
  response:
    body: '{"auth_token":"bar","sid":"foo","from":"from bar","messaging_service_sid":"foo"}'
    headers:
      Content-Type:
      - application/json; charset=utf-8
    status: 200 OK
    code: 200
    duration: 1ms
- request:
    body: |
      null
    form: {}
    headers:
      Content-Type:
      - application/json
      User-Agent:
      - Go-Auth0-SDK/0.6.4
    url: https://terraform-provider-auth0-dev.eu.auth0.com/api/v2/guardian/policies
    method: GET
  response:
    body: '["all-applications"]'
    headers:
      Content-Type:
      - application/json; charset=utf-8
    status: 200 OK
    code: 200
    duration: 1ms
- request:
    body: |
      null
    form: {}
    headers:
      Content-Type:
      - application/json
      User-Agent:
      - Go-Auth0-SDK/0.6.4
    url: https://terraform-provider-auth0-dev.eu.auth0.com/api/v2/guardian/factors
    method: GET
  response:
    body: '[{"name":"sms","enabled":true,"trial_expired":false},{"name":"push-notification","enabled":false,"trial_expired":false},{"name":"otp","enabled":false,"trial_expired":false},{"name":"email","enabled":false,"trial_expired":false},{"name":"duo","enabled":false,"trial_expired":false},{"name":"webauthn-roaming","enabled":false,"trial_expired":false},{"name":"webauthn-platform","enabled":false,"trial_expired":false},{"name":"recovery-code","enabled":false,"trial_expired":false}]'
    headers:
      Content-Type:
      - application/json; charset=utf-8
    status: 200 OK
    code: 200
    duration: 1ms
- request:
    body: |
      null
    form: {}
    headers:
      Content-Type:
      - application/json
      User-Agent:
      - Go-Auth0-SDK/0.6.4
    url: https://terraform-provider-auth0-dev.eu.auth0.com/api/v2/guardian/factors/phone/message-types
    method: GET
  response:
    body: '{"message_types":["sms"]}'
    headers:
      Content-Type:
      - application/json; charset=utf-8
    status: 200 OK
    code: 200
    duration: 1ms
- request:
    body: |
      null
    form: {}
    headers:
      Content-Type:
      - application/json
      User-Agent:
      - Go-Auth0-SDK/0.6.4
    url: https://terraform-provider-auth0-dev.eu.auth0.com/api/v2/guardian/factors/phone/selected-provider
    method: GET
  response:
    body: '{"provider":"twilio"}'
    headers:
      Content-Type:
      - application/json; charset=utf-8
    status: 200 OK
    code: 200
    duration: 1ms
- request:
    body: |
      null
    form: {}
    headers:
      Content-Type:
      - application/json
      User-Agent:
      - Go-Auth0-SDK/0.6.4
    url: https://terraform-provider-auth0-dev.eu.auth0.com/api/v2/guardian/factors/sms/templates
    method: GET
  response:
    body: '{"enrollment_message":"enroll foo","verification_message":"verify foo"}'
    headers:
      Content-Type:
      - application/json; charset=utf-8
    status: 200 OK
    code: 200
    duration: 1ms
- request:
    body: |
      null
    form: {}
    headers:
      Content-Type:
      - application/json
      User-Agent:
      - Go-Auth0-SDK/0.6.4
    url: https://terraform-provider-auth0-dev.eu.auth0.com/api/v2/guardian/factors/sms/providers/twilio
    method: GET
  response:
    body: '{"auth_token":"bar","sid":"foo","from":"from bar","messaging_service_sid":"foo"}'
    headers:
      Content-Type:
      - application/json; charset=utf-8
    status: 200 OK
    code: 200
    duration: 1ms
- request:
    body: |
      null
    form: {}
    headers:
      Content-Type:
      - application/json
      User-Agent:
      - Go-Auth0-SDK/0.6.4
    url: https://terraform-provider-auth0-dev.eu.auth0.com/api/v2/guardian/policies
    method: GET
  response:
    body: '["all-applications"]'
    headers:
      Content-Type:
      - application/json; charset=utf-8
    status: 200 OK
    code: 200
    duration: 1ms
- request:
    body: |
      null
    form: {}
    headers:
      Content-Type:
      - application/json
      User-Agent:
      - Go-Auth0-SDK/0.6.4
    url: https://terraform-provider-auth0-dev.eu.auth0.com/api/v2/guardian/factors
    method: GET
  response:
    body: '[{"name":"sms","enabled":true,"trial_expired":false},{"name":"push-notification","enabled":false,"trial_expired":false},{"name":"otp","enabled":false,"trial_expired":false},{"name":"email","enabled":false,"trial_expired":false},{"name":"duo","enabled":false,"trial_expired":false},{"name":"webauthn-roaming","enabled":false,"trial_expired":false},{"name":"webauthn-platform","enabled":false,"trial_expired":false},{"name":"recovery-code","enabled":false,"trial_expired":false}]'
    headers:
      Content-Type:
      - application/json; charset=utf-8
    status: 200 OK
    code: 200
    duration: 1ms
- request:
    body: |
      null
    form: {}
    headers:
      Content-Type:
      - application/json
      User-Agent:
      - Go-Auth0-SDK/0.6.4
    url: https://terraform-provider-auth0-dev.eu.auth0.com/api/v2/guardian/factors/phone/message-types
    method: GET
  response:
    body: '{"message_types":["sms"]}'
    headers:
      Content-Type:
      - application/json; charset=utf-8
    status: 200 OK
    code: 200
    duration: 1ms
- request:
    body: |
      null
    form: {}
    headers:
      Content-Type:
      - application/json
      User-Agent:
      - Go-Auth0-SDK/0.6.4
    url: https://terraform-provider-auth0-dev.eu.auth0.com/api/v2/guardian/factors/phone/selected-provider
    method: GET
  response:
    body: '{"provider":"twilio"}'
    headers:
      Content-Type:
      - application/json; charset=utf-8
    status: 200 OK
    code: 200
    duration: 1ms
- request:
    body: |
      null
    form: {}
    headers:
      Content-Type:
      - application/json
      User-Agent:
      - Go-Auth0-SDK/0.6.4
    url: https://terraform-provider-auth0-dev.eu.auth0.com/api/v2/guardian/factors/sms/templates
    method: GET
  response:
    body: '{"enrollment_message":"enroll foo","verification_message":"verify foo"}'
    headers:
      Content-Type:
      - application/json; charset=utf-8
    status: 200 OK
    code: 200
    duration: 1ms
- request:
    body: |
      null
    form: {}
    headers:
      Content-Type:
      - application/json
      User-Agent:
      - Go-Auth0-SDK/0.6.4
    url: https://terraform-provider-auth0-dev.eu.auth0.com/api/v2/guardian/factors/sms/providers/twilio
    method: GET
  response:
    body: '{"auth_token":"bar","sid":"foo","from":"from bar","messaging_service_sid":"foo"}'
    headers:
      Content-Type:
      - application/json; charset=utf-8
    status: 200 OK
    code: 200
    duration: 1ms
- request:
    body: |
      {"enabled":true}
    form: {}
    headers:
      Content-Type:
      - application/json
      User-Agent:
      - Go-Auth0-SDK/0.6.4
    url: https://terraform-provider-auth0-dev.eu.auth0.com/api/v2/guardian/factors/sms
    method: PUT
  response:
    body: '{"enabled":true}'
    headers:
      Content-Type:
      - application/json; charset=utf-8
    status: 200 OK
    code: 200
    duration: 1ms
- request:
    body: |
      {"provider":"phone-message-hook"}
    form: {}
    headers:
      Content-Type:
      - application/json
      User-Agent:
      - Go-Auth0-SDK/0.6.4
    url: https://terraform-provider-auth0-dev.eu.auth0.com/api/v2/guardian/factors/phone/selected-provider
    method: PUT
  response:
    body: '{"provider":"phone-message-hook"}'
    headers:
      Content-Type:
      - application/json; charset=utf-8
    status: 200 OK
    code: 200
    duration: 1ms
- request:
    body: |
      {"message_types":["sms"]}
    form: {}
    headers:
      Content-Type:
      - application/json
      User-Agent:
      - Go-Auth0-SDK/0.6.4
    url: https://terraform-provider-auth0-dev.eu.auth0.com/api/v2/guardian/factors/phone/message-types
    method: PUT
  response:
    body: '{"message_types":["sms"]}'
    headers:
      Content-Type:
      - application/json; charset=utf-8
    status: 200 OK
    code: 200
    duration: 1ms
- request:
    body: |
      null
    form: {}
    headers:
      Content-Type:
      - application/json
      User-Agent:
      - Go-Auth0-SDK/0.6.4
    url: https://terraform-provider-auth0-dev.eu.auth0.com/api/v2/guardian/policies
    method: GET
  response:
    body: '["all-applications"]'
    headers:
      Content-Type:
      - application/json; charset=utf-8
    status: 200 OK
    code: 200
    duration: 1ms
- request:
    body: |
      null
    form: {}
    headers:
      Content-Type:
      - application/json
      User-Agent:
      - Go-Auth0-SDK/0.6.4
    url: https://terraform-provider-auth0-dev.eu.auth0.com/api/v2/guardian/factors
    method: GET
  response:
    body: '[{"name":"sms","enabled":true,"trial_expired":false},{"name":"push-notification","enabled":false,"trial_expired":false},{"name":"otp","enabled":false,"trial_expired":false},{"name":"email","enabled":false,"trial_expired":false},{"name":"duo","enabled":false,"trial_expired":false},{"name":"webauthn-roaming","enabled":false,"trial_expired":false},{"name":"webauthn-platform","enabled":false,"trial_expired":false},{"name":"recovery-code","enabled":false,"trial_expired":false}]'
    headers:
      Content-Type:
      - application/json; charset=utf-8
    status: 200 OK
    code: 200
    duration: 1ms
- request:
    body: |
      null
    form: {}
    headers:
      Content-Type:
      - application/json
      User-Agent:
      - Go-Auth0-SDK/0.6.4
    url: https://terraform-provider-auth0-dev.eu.auth0.com/api/v2/guardian/factors/phone/message-types
    method: GET
  response:
    body: '{"message_types":["sms"]}'
    headers:
      Content-Type:
      - application/json; charset=utf-8
    status: 200 OK
    code: 200
    duration: 1ms
- request:
    body: |
      null
    form: {}
    headers:
      Content-Type:
      - application/json
      User-Agent:
      - Go-Auth0-SDK/0.6.4
    url: https://terraform-provider-auth0-dev.eu.auth0.com/api/v2/guardian/factors/phone/selected-provider
    method: GET
  response:
    body: '{"provider":"phone-message-hook"}'
    headers:
      Content-Type:
      - application/json; charset=utf-8
    status: 200 OK
    code: 200
    duration: 1ms
- request:
    body: |
      null
    form: {}
    headers:
      Content-Type:
      - application/json
      User-Agent:
      - Go-Auth0-SDK/0.6.4
    url: https://terraform-provider-auth0-dev.eu.auth0.com/api/v2/guardian/policies
    method: GET
  response:
    body: '["all-applications"]'
    headers:
      Content-Type:
      - application/json; charset=utf-8
    status: 200 OK
    code: 200
    duration: 1ms
- request:
    body: |
      null
    form: {}
    headers:
      Content-Type:
      - application/json
      User-Agent:
      - Go-Auth0-SDK/0.6.4
    url: https://terraform-provider-auth0-dev.eu.auth0.com/api/v2/guardian/factors
    method: GET
  response:
    body: '[{"name":"sms","enabled":true,"trial_expired":false},{"name":"push-notification","enabled":false,"trial_expired":false},{"name":"otp","enabled":false,"trial_expired":false},{"name":"email","enabled":false,"trial_expired":false},{"name":"duo","enabled":false,"trial_expired":false},{"name":"webauthn-roaming","enabled":false,"trial_expired":false},{"name":"webauthn-platform","enabled":false,"trial_expired":false},{"name":"recovery-code","enabled":false,"trial_expired":false}]'
    headers:
      Content-Type:
      - application/json; charset=utf-8
    status: 200 OK
    code: 200
    duration: 1ms
- request:
    body: |
      null
    form: {}
    headers:
      Content-Type:
      - application/json
      User-Agent:
      - Go-Auth0-SDK/0.6.4
    url: https://terraform-provider-auth0-dev.eu.auth0.com/api/v2/guardian/factors/phone/message-types
    method: GET
  response:
    body: '{"message_types":["sms"]}'
    headers:
      Content-Type:
      - application/json; charset=utf-8
    status: 200 OK
    code: 200
    duration: 1ms
- request:
    body: |
      null
    form: {}
    headers:
      Content-Type:
      - application/json
      User-Agent:
      - Go-Auth0-SDK/0.6.4
    url: https://terraform-provider-auth0-dev.eu.auth0.com/api/v2/guardian/factors/phone/selected-provider
    method: GET
  response:
    body: '{"provider":"phone-message-hook"}'
    headers:
      Content-Type:
      - application/json; charset=utf-8
    status: 200 OK
    code: 200
    duration: 1ms
- request:
    body: |
      null
    form: {}
    headers:
      Content-Type:
      - application/json
      User-Agent:
      - Go-Auth0-SDK/0.6.4
    url: https://terraform-provider-auth0-dev.eu.auth0.com/api/v2/guardian/policies
    method: GET
  response:
    body: '["all-applications"]'
    headers:
      Content-Type:
      - application/json; charset=utf-8
    status: 200 OK
    code: 200
    duration: 1ms
- request:
    body: |
      null
    form: {}
    headers:
      Content-Type:
      - application/json
      User-Agent:
      - Go-Auth0-SDK/0.6.4
    url: https://terraform-provider-auth0-dev.eu.auth0.com/api/v2/guardian/factors
    method: GET
  response:
    body: '[{"name":"sms","enabled":true,"trial_expired":false},{"name":"push-notification","enabled":false,"trial_expired":false},{"name":"otp","enabled":false,"trial_expired":false},{"name":"email","enabled":false,"trial_expired":false},{"name":"duo","enabled":false,"trial_expired":false},{"name":"webauthn-roaming","enabled":false,"trial_expired":false},{"name":"webauthn-platform","enabled":false,"trial_expired":false},{"name":"recovery-code","enabled":false,"trial_expired":false}]'
    headers:
      Content-Type:
      - application/json; charset=utf-8
    status: 200 OK
    code: 200
    duration: 1ms
- request:
    body: |
      null
    form: {}
    headers:
      Content-Type:
      - application/json
      User-Agent:
      - Go-Auth0-SDK/0.6.4
    url: https://terraform-provider-auth0-dev.eu.auth0.com/api/v2/guardian/factors/phone/message-types
    method: GET
  response:
    body: '{"message_types":["sms"]}'
    headers:
      Content-Type:
      - application/json; charset=utf-8
    status: 200 OK
    code: 200
    duration: 1ms
- request:
    body: |
      null
    form: {}
    headers:
      Content-Type:
      - application/json
      User-Agent:
      - Go-Auth0-SDK/0.6.4
    url: https://terraform-provider-auth0-dev.eu.auth0.com/api/v2/guardian/factors/phone/selected-provider
    method: GET
  response:
    body: '{"provider":"phone-message-hook"}'
    headers:
      Content-Type:
      - application/json; charset=utf-8
    status: 200 OK
    code: 200
    duration: 1ms
- request:
    body: |
      {"enabled":true}
    form: {}
    headers:
      Content-Type:
      - application/json
      User-Agent:
      - Go-Auth0-SDK/0.6.4
    url: https://terraform-provider-auth0-dev.eu.auth0.com/api/v2/guardian/factors/sms
    method: PUT
  response:
    body: '{"enabled":true}'
    headers:
      Content-Type:
      - application/json; charset=utf-8
    status: 200 OK
    code: 200
    duration: 1ms
- request:
    body: |
      {"enrollment_message":"enroll foo","verification_message":"verify foo"}
    form: {}
    headers:
      Content-Type:
      - application/json
      User-Agent:
      - Go-Auth0-SDK/0.6.4
    url: https://terraform-provider-auth0-dev.eu.auth0.com/api/v2/guardian/factors/sms/templates
    method: PUT
  response:
    body: '{"enrollment_message":"enroll foo","verification_message":"verify foo"}'
    headers:
      Content-Type:
      - application/json; charset=utf-8
    status: 200 OK
    code: 200
    duration: 1ms
- request:
    body: |
      {"provider":"auth0"}
    form: {}
    headers:
      Content-Type:
      - application/json
      User-Agent:
      - Go-Auth0-SDK/0.6.4
    url: https://terraform-provider-auth0-dev.eu.auth0.com/api/v2/guardian/factors/phone/selected-provider
    method: PUT
  response:
    body: '{"provider":"auth0"}'
    headers:
      Content-Type:
      - application/json; charset=utf-8
    status: 200 OK
    code: 200
    duration: 1ms
- request:
    body: |
      {"message_types":["voice"]}
    form: {}
    headers:
      Content-Type:
      - application/json
      User-Agent:
      - Go-Auth0-SDK/0.6.4
    url: https://terraform-provider-auth0-dev.eu.auth0.com/api/v2/guardian/factors/phone/message-types
    method: PUT
  response:
    body: '{"message_types":["voice"]}'
    headers:
      Content-Type:
      - application/json; charset=utf-8
    status: 200 OK
    code: 200
    duration: 1ms
- request:
    body: |
      null
    form: {}
    headers:
      Content-Type:
      - application/json
      User-Agent:
      - Go-Auth0-SDK/0.6.4
    url: https://terraform-provider-auth0-dev.eu.auth0.com/api/v2/guardian/policies
    method: GET
  response:
    body: '["all-applications"]'
    headers:
      Content-Type:
      - application/json; charset=utf-8
    status: 200 OK
    code: 200
    duration: 1ms
- request:
    body: |
      null
    form: {}
    headers:
      Content-Type:
      - application/json
      User-Agent:
      - Go-Auth0-SDK/0.6.4
    url: https://terraform-provider-auth0-dev.eu.auth0.com/api/v2/guardian/factors
    method: GET
  response:
    body: '[{"name":"sms","enabled":true,"trial_expired":false},{"name":"push-notification","enabled":false,"trial_expired":false},{"name":"otp","enabled":false,"trial_expired":false},{"name":"email","enabled":false,"trial_expired":false},{"name":"duo","enabled":false,"trial_expired":false},{"name":"webauthn-roaming","enabled":false,"trial_expired":false},{"name":"webauthn-platform","enabled":false,"trial_expired":false},{"name":"recovery-code","enabled":false,"trial_expired":false}]'
    headers:
      Content-Type:
      - application/json; charset=utf-8
    status: 200 OK
    code: 200
    duration: 1ms
- request:
    body: |
      null
    form: {}
    headers:
      Content-Type:
      - application/json
      User-Agent:
      - Go-Auth0-SDK/0.6.4
    url: https://terraform-provider-auth0-dev.eu.auth0.com/api/v2/guardian/factors/phone/message-types
    method: GET
  response:
    body: '{"message_types":["voice"]}'
    headers:
      Content-Type:
      - application/json; charset=utf-8
    status: 200 OK
    code: 200
    duration: 1ms
- request:
    body: |
      null
    form: {}
    headers:
      Content-Type:
      - application/json
      User-Agent:
      - Go-Auth0-SDK/0.6.4
    url: https://terraform-provider-auth0-dev.eu.auth0.com/api/v2/guardian/factors/phone/selected-provider
    method: GET
  response:
    body: '{"provider":"auth0"}'
    headers:
      Content-Type:
      - application/json; charset=utf-8
    status: 200 OK
    code: 200
    duration: 1ms
- request:
    body: |
      null
    form: {}
    headers:
      Content-Type:
      - application/json
      User-Agent:
      - Go-Auth0-SDK/0.6.4
    url: https://terraform-provider-auth0-dev.eu.auth0.com/api/v2/guardian/factors/sms/templates
    method: GET
  response:
    body: '{"enrollment_message":"enroll foo","verification_message":"verify foo"}'
    headers:
      Content-Type:
      - application/json; charset=utf-8
    status: 200 OK
    code: 200
    duration: 1ms
- request:
    body: |
      null
    form: {}
    headers:
      Content-Type:
      - application/json
      User-Agent:
      - Go-Auth0-SDK/0.6.4
    url: https://terraform-provider-auth0-dev.eu.auth0.com/api/v2/guardian/policies
    method: GET
  response:
    body: '["all-applications"]'
    headers:
      Content-Type:
      - application/json; charset=utf-8
    status: 200 OK
    code: 200
    duration: 1ms
- request:
    body: |
      null
    form: {}
    headers:
      Content-Type:
      - application/json
      User-Agent:
      - Go-Auth0-SDK/0.6.4
    url: https://terraform-provider-auth0-dev.eu.auth0.com/api/v2/guardian/factors
    method: GET
  response:
    body: '[{"name":"sms","enabled":true,"trial_expired":false},{"name":"push-notification","enabled":false,"trial_expired":false},{"name":"otp","enabled":false,"trial_expired":false},{"name":"email","enabled":false,"trial_expired":false},{"name":"duo","enabled":false,"trial_expired":false},{"name":"webauthn-roaming","enabled":false,"trial_expired":false},{"name":"webauthn-platform","enabled":false,"trial_expired":false},{"name":"recovery-code","enabled":false,"trial_expired":false}]'
    headers:
      Content-Type:
      - application/json; charset=utf-8
    status: 200 OK
    code: 200
    duration: 1ms
- request:
    body: |
      null
    form: {}
    headers:
      Content-Type:
      - application/json
      User-Agent:
      - Go-Auth0-SDK/0.6.4
    url: https://terraform-provider-auth0-dev.eu.auth0.com/api/v2/guardian/factors/phone/message-types
    method: GET
  response:
    body: '{"message_types":["voice"]}'
    headers:
      Content-Type:
      - application/json; charset=utf-8
    status: 200 OK
    code: 200
    duration: 1ms
- request:
    body: |
      null
    form: {}
    headers:
      Content-Type:
      - application/json
      User-Agent:
      - Go-Auth0-SDK/0.6.4
    url: https://terraform-provider-auth0-dev.eu.auth0.com/api/v2/guardian/factors/phone/selected-provider
    method: GET
  response:
    body: '{"provider":"auth0"}'
    headers:
      Content-Type:
      - application/json; charset=utf-8
    status: 200 OK
    code: 200
    duration: 1ms
- request:
    body: |
      null
    form: {}
    headers:
      Content-Type:
      - application/json
      User-Agent:
      - Go-Auth0-SDK/0.6.4
    url: https://terraform-provider-auth0-dev.eu.auth0.com/api/v2/guardian/factors/sms/templates
    method: GET
  response:
    body: '{"enrollment_message":"enroll foo","verification_message":"verify foo"}'
    headers:
      Content-Type:
      - application/json; charset=utf-8
    status: 200 OK
    code: 200
    duration: 1ms
- request:
    body: |
      null
    form: {}
    headers:
      Content-Type:
      - application/json
      User-Agent:
      - Go-Auth0-SDK/0.6.4
    url: https://terraform-provider-auth0-dev.eu.auth0.com/api/v2/guardian/policies
    method: GET
  response:
    body: '["all-applications"]'
    headers:
      Content-Type:
      - application/json; charset=utf-8
    status: 200 OK
    code: 200
    duration: 1ms
- request:
    body: |
      null
    form: {}
    headers:
      Content-Type:
      - application/json
      User-Agent:
      - Go-Auth0-SDK/0.6.4
    url: https://terraform-provider-auth0-dev.eu.auth0.com/api/v2/guardian/factors
    method: GET
  response:
    body: '[{"name":"sms","enabled":true,"trial_expired":false},{"name":"push-notification","enabled":false,"trial_expired":false},{"name":"otp","enabled":false,"trial_expired":false},{"name":"email","enabled":false,"trial_expired":false},{"name":"duo","enabled":false,"trial_expired":false},{"name":"webauthn-roaming","enabled":false,"trial_expired":false},{"name":"webauthn-platform","enabled":false,"trial_expired":false},{"name":"recovery-code","enabled":false,"trial_expired":false}]'
    headers:
      Content-Type:
      - application/json; charset=utf-8
    status: 200 OK
    code: 200
    duration: 1ms
- request:
    body: |
      null
    form: {}
    headers:
      Content-Type:
      - application/json
      User-Agent:
      - Go-Auth0-SDK/0.6.4
    url: https://terraform-provider-auth0-dev.eu.auth0.com/api/v2/guardian/factors/phone/message-types
    method: GET
  response:
    body: '{"message_types":["voice"]}'
    headers:
      Content-Type:
      - application/json; charset=utf-8
    status: 200 OK
    code: 200
    duration: 1ms
- request:
    body: |
      null
    form: {}
    headers:
      Content-Type:
      - application/json
      User-Agent:
      - Go-Auth0-SDK/0.6.4
    url: https://terraform-provider-auth0-dev.eu.auth0.com/api/v2/guardian/factors/phone/selected-provider
    method: GET
  response:
    body: '{"provider":"auth0"}'
    headers:
      Content-Type:
      - application/json; charset=utf-8
    status: 200 OK
    code: 200
    duration: 1ms
- request:
    body: |
      null
    form: {}
    headers:
      Content-Type:
      - application/json
      User-Agent:
      - Go-Auth0-SDK/0.6.4
    url: https://terraform-provider-auth0-dev.eu.auth0.com/api/v2/guardian/factors/sms/templates
    method: GET
  response:
    body: '{"enrollment_message":"enroll foo","verification_message":"verify foo"}'
    headers:
      Content-Type:
      - application/json; charset=utf-8
    status: 200 OK
    code: 200
    duration: 1ms
- request:
    body: |
      null
    form: {}
    headers:
      Content-Type:
      - application/json
      User-Agent:
      - Go-Auth0-SDK/0.6.4
    url: https://terraform-provider-auth0-dev.eu.auth0.com/api/v2/guardian/policies
    method: GET
  response:
    body: '["all-applications"]'
    headers:
      Content-Type:
      - application/json; charset=utf-8
    status: 200 OK
    code: 200
    duration: 1ms
- request:
    body: |
      null
    form: {}
    headers:
      Content-Type:
      - application/json
      User-Agent:
      - Go-Auth0-SDK/0.6.4
    url: https://terraform-provider-auth0-dev.eu.auth0.com/api/v2/guardian/factors
    method: GET
  response:
    body: '[{"name":"sms","enabled":true,"trial_expired":false},{"name":"push-notification","enabled":false,"trial_expired":false},{"name":"otp","enabled":false,"trial_expired":false},{"name":"email","enabled":false,"trial_expired":false},{"name":"duo","enabled":false,"trial_expired":false},{"name":"webauthn-roaming","enabled":false,"trial_expired":false},{"name":"webauthn-platform","enabled":false,"trial_expired":false},{"name":"recovery-code","enabled":false,"trial_expired":false}]'
    headers:
      Content-Type:
      - application/json; charset=utf-8
    status: 200 OK
    code: 200
    duration: 1ms
- request:
    body: |
      null
    form: {}
    headers:
      Content-Type:
      - application/json
      User-Agent:
      - Go-Auth0-SDK/0.6.4
    url: https://terraform-provider-auth0-dev.eu.auth0.com/api/v2/guardian/factors/phone/message-types
    method: GET
  response:
    body: '{"message_types":["voice"]}'
    headers:
      Content-Type:
      - application/json; charset=utf-8
    status: 200 OK
    code: 200
    duration: 1ms
- request:
    body: |
      null
    form: {}
    headers:
      Content-Type:
      - application/json
      User-Agent:
      - Go-Auth0-SDK/0.6.4
    url: https://terraform-provider-auth0-dev.eu.auth0.com/api/v2/guardian/factors/phone/selected-provider
    method: GET
  response:
    body: '{"provider":"auth0"}'
    headers:
      Content-Type:
      - application/json; charset=utf-8
    status: 200 OK
    code: 200
    duration: 1ms
- request:
    body: |
      null
    form: {}
    headers:
      Content-Type:
      - application/json
      User-Agent:
      - Go-Auth0-SDK/0.6.4
    url: https://terraform-provider-auth0-dev.eu.auth0.com/api/v2/guardian/factors/sms/templates
    method: GET
  response:
    body: '{"enrollment_message":"enroll foo","verification_message":"verify foo"}'
    headers:
      Content-Type:
      - application/json; charset=utf-8
    status: 200 OK
    code: 200
    duration: 1ms
- request:
    body: |
      null
    form: {}
    headers:
      Content-Type:
      - application/json
      User-Agent:
      - Go-Auth0-SDK/0.6.4
    url: https://terraform-provider-auth0-dev.eu.auth0.com/api/v2/guardian/policies
    method: GET
  response:
    body: '["all-applications"]'
    headers:
      Content-Type:
      - application/json; charset=utf-8
    status: 200 OK
    code: 200
    duration: 1ms
- request:
    body: |
      null
    form: {}
    headers:
      Content-Type:
      - application/json
      User-Agent:
      - Go-Auth0-SDK/0.6.4
    url: https://terraform-provider-auth0-dev.eu.auth0.com/api/v2/guardian/factors
    method: GET
  response:
    body: '[{"name":"sms","enabled":true,"trial_expired":false},{"name":"push-notification","enabled":false,"trial_expired":false},{"name":"otp","enabled":false,"trial_expired":false},{"name":"email","enabled":false,"trial_expired":false},{"name":"duo","enabled":false,"trial_expired":false},{"name":"webauthn-roaming","enabled":false,"trial_expired":false},{"name":"webauthn-platform","enabled":false,"trial_expired":false},{"name":"recovery-code","enabled":false,"trial_expired":false}]'
    headers:
      Content-Type:
      - application/json; charset=utf-8
    status: 200 OK
    code: 200
    duration: 1ms
- request:
    body: |
      null
    form: {}
    headers:
      Content-Type:
      - application/json
      User-Agent:
      - Go-Auth0-SDK/0.6.4
    url: https://terraform-provider-auth0-dev.eu.auth0.com/api/v2/guardian/factors/phone/message-types
    method: GET
  response:
    body: '{"message_types":["voice"]}'
    headers:
      Content-Type:
      - application/json; charset=utf-8
    status: 200 OK
    code: 200
    duration: 1ms
- request:
    body: |
      null
    form: {}
    headers:
      Content-Type:
      - application/json
      User-Agent:
      - Go-Auth0-SDK/0.6.4
    url: https://terraform-provider-auth0-dev.eu.auth0.com/api/v2/guardian/factors/phone/selected-provider
    method: GET
  response:
    body: '{"provider":"auth0"}'
    headers:
      Content-Type:
      - application/json; charset=utf-8
    status: 200 OK
    code: 200
    duration: 1ms
- request:
    body: |
      null
    form: {}
    headers:
      Content-Type:
      - application/json
      User-Agent:
      - Go-Auth0-SDK/0.6.4
    url: https://terraform-provider-auth0-dev.eu.auth0.com/api/v2/guardian/factors/sms/templates
    method: GET
  response:
    body: '{"enrollment_message":"enroll foo","verification_message":"verify foo"}'
    headers:
      Content-Type:
      - application/json; charset=utf-8
    status: 200 OK
    code: 200
    duration: 1ms
- request:
    body: |
      {"enabled":false}
    form: {}
    headers:
      Content-Type:
      - application/json
      User-Agent:
      - Go-Auth0-SDK/0.6.4
    url: https://terraform-provider-auth0-dev.eu.auth0.com/api/v2/guardian/factors/sms
    method: PUT
  response:
    body: '{"enabled":false}'
    headers:
      Content-Type:
      - application/json; charset=utf-8
    status: 200 OK
    code: 200
    duration: 1ms
- request:
    body: |
      null
    form: {}
    headers:
      Content-Type:
      - application/json
      User-Agent:
      - Go-Auth0-SDK/0.6.4
    url: https://terraform-provider-auth0-dev.eu.auth0.com/api/v2/guardian/policies
    method: GET
  response:
    body: '["all-applications"]'
    headers:
      Content-Type:
      - application/json; charset=utf-8
    status: 200 OK
    code: 200
    duration: 1ms
- request:
    body: |
      null
    form: {}
    headers:
      Content-Type:
      - application/json
      User-Agent:
      - Go-Auth0-SDK/0.6.4
    url: https://terraform-provider-auth0-dev.eu.auth0.com/api/v2/guardian/factors
    method: GET
  response:
    body: '[{"name":"sms","enabled":false,"trial_expired":false},{"name":"push-notification","enabled":false,"trial_expired":false},{"name":"otp","enabled":false,"trial_expired":false},{"name":"email","enabled":false,"trial_expired":false},{"name":"duo","enabled":false,"trial_expired":false},{"name":"webauthn-roaming","enabled":false,"trial_expired":false},{"name":"webauthn-platform","enabled":false,"trial_expired":false},{"name":"recovery-code","enabled":false,"trial_expired":false}]'
    headers:
      Content-Type:
      - application/json; charset=utf-8
    status: 200 OK
    code: 200
    duration: 1ms
- request:
    body: |
      null
    form: {}
    headers:
      Content-Type:
      - application/json
      User-Agent:
      - Go-Auth0-SDK/0.6.4
    url: https://terraform-provider-auth0-dev.eu.auth0.com/api/v2/guardian/policies
    method: GET
  response:
    body: '["all-applications"]'
    headers:
      Content-Type:
      - application/json; charset=utf-8
    status: 200 OK
    code: 200
    duration: 1ms
- request:
    body: |
      null
    form: {}
    headers:
      Content-Type:
      - application/json
      User-Agent:
      - Go-Auth0-SDK/0.6.4
    url: https://terraform-provider-auth0-dev.eu.auth0.com/api/v2/guardian/factors
    method: GET
  response:
    body: '[{"name":"sms","enabled":false,"trial_expired":false},{"name":"push-notification","enabled":false,"trial_expired":false},{"name":"otp","enabled":false,"trial_expired":false},{"name":"email","enabled":false,"trial_expired":false},{"name":"duo","enabled":false,"trial_expired":false},{"name":"webauthn-roaming","enabled":false,"trial_expired":false},{"name":"webauthn-platform","enabled":false,"trial_expired":false},{"name":"recovery-code","enabled":false,"trial_expired":false}]'
    headers:
      Content-Type:
      - application/json; charset=utf-8
    status: 200 OK
    code: 200
    duration: 1ms
- request:
    body: |
      null
    form: {}
    headers:
      Content-Type:
      - application/json
      User-Agent:
      - Go-Auth0-SDK/0.6.4
    url: https://terraform-provider-auth0-dev.eu.auth0.com/api/v2/guardian/policies
    method: GET
  response:
    body: '["all-applications"]'
    headers:
      Content-Type:
      - application/json; charset=utf-8
    status: 200 OK
    code: 200
    duration: 1ms
- request:
    body: |
      null
    form: {}
    headers:
      Content-Type:
      - application/json
      User-Agent:
      - Go-Auth0-SDK/0.6.4
    url: https://terraform-provider-auth0-dev.eu.auth0.com/api/v2/guardian/factors
    method: GET
  response:
    body: '[{"name":"sms","enabled":false,"trial_expired":false},{"name":"push-notification","enabled":false,"trial_expired":false},{"name":"otp","enabled":false,"trial_expired":false},{"name":"email","enabled":false,"trial_expired":false},{"name":"duo","enabled":false,"trial_expired":false},{"name":"webauthn-roaming","enabled":false,"trial_expired":false},{"name":"webauthn-platform","enabled":false,"trial_expired":false},{"name":"recovery-code","enabled":false,"trial_expired":false}]'
    headers:
      Content-Type:
      - application/json; charset=utf-8
    status: 200 OK
    code: 200
    duration: 1ms
- request:
    body: |
      {"enabled":true}
    form: {}
    headers:
      Content-Type:
      - application/json
      User-Agent:
      - Go-Auth0-SDK/0.6.4
    url: https://terraform-provider-auth0-dev.eu.auth0.com/api/v2/guardian/factors/email
    method: PUT
  response:
    body: '{"enabled":true}'
    headers:
      Content-Type:
      - application/json; charset=utf-8
    status: 200 OK
    code: 200
    duration: 1ms
- request:
    body: |
      {"enabled":false}
    form: {}
    headers:
      Content-Type:
      - application/json
      User-Agent:
      - Go-Auth0-SDK/0.6.4
    url: https://terraform-provider-auth0-dev.eu.auth0.com/api/v2/guardian/factors/sms
    method: PUT
  response:
    body: '{"enabled":false}'
    headers:
      Content-Type:
      - application/json; charset=utf-8
    status: 200 OK
    code: 200
    duration: 1ms
- request:
    body: |
      null
    form: {}
    headers:
      Content-Type:
      - application/json
      User-Agent:
      - Go-Auth0-SDK/0.6.4
    url: https://terraform-provider-auth0-dev.eu.auth0.com/api/v2/guardian/policies
    method: GET
  response:
    body: '["all-applications"]'
    headers:
      Content-Type:
      - application/json; charset=utf-8
    status: 200 OK
    code: 200
    duration: 1ms
- request:
    body: |
      null
    form: {}
    headers:
      Content-Type:
      - application/json
      User-Agent:
      - Go-Auth0-SDK/0.6.4
    url: https://terraform-provider-auth0-dev.eu.auth0.com/api/v2/guardian/factors
    method: GET
  response:
    body: '[{"name":"sms","enabled":false,"trial_expired":false},{"name":"push-notification","enabled":false,"trial_expired":false},{"name":"otp","enabled":false,"trial_expired":false},{"name":"email","enabled":true,"trial_expired":false},{"name":"duo","enabled":false,"trial_expired":false},{"name":"webauthn-roaming","enabled":false,"trial_expired":false},{"name":"webauthn-platform","enabled":false,"trial_expired":false},{"name":"recovery-code","enabled":false,"trial_expired":false}]'
    headers:
      Content-Type:
      - application/json; charset=utf-8
    status: 200 OK
    code: 200
    duration: 1ms
- request:
    body: |
      null
    form: {}
    headers:
      Content-Type:
      - application/json
      User-Agent:
      - Go-Auth0-SDK/0.6.4
    url: https://terraform-provider-auth0-dev.eu.auth0.com/api/v2/guardian/policies
    method: GET
  response:
    body: '["all-applications"]'
    headers:
      Content-Type:
      - application/json; charset=utf-8
    status: 200 OK
    code: 200
    duration: 1ms
- request:
    body: |
      null
    form: {}
    headers:
      Content-Type:
      - application/json
      User-Agent:
      - Go-Auth0-SDK/0.6.4
    url: https://terraform-provider-auth0-dev.eu.auth0.com/api/v2/guardian/factors
    method: GET
  response:
    body: '[{"name":"sms","enabled":false,"trial_expired":false},{"name":"push-notification","enabled":false,"trial_expired":false},{"name":"otp","enabled":false,"trial_expired":false},{"name":"email","enabled":true,"trial_expired":false},{"name":"duo","enabled":false,"trial_expired":false},{"name":"webauthn-roaming","enabled":false,"trial_expired":false},{"name":"webauthn-platform","enabled":false,"trial_expired":false},{"name":"recovery-code","enabled":false,"trial_expired":false}]'
    headers:
      Content-Type:
      - application/json; charset=utf-8
    status: 200 OK
    code: 200
    duration: 1ms
- request:
    body: |
      null
    form: {}
    headers:
      Content-Type:
      - application/json
      User-Agent:
      - Go-Auth0-SDK/0.6.4
    url: https://terraform-provider-auth0-dev.eu.auth0.com/api/v2/guardian/policies
    method: GET
  response:
    body: '["all-applications"]'
    headers:
      Content-Type:
      - application/json; charset=utf-8
    status: 200 OK
    code: 200
    duration: 1ms
- request:
    body: |
      null
    form: {}
    headers:
      Content-Type:
      - application/json
      User-Agent:
      - Go-Auth0-SDK/0.6.4
    url: https://terraform-provider-auth0-dev.eu.auth0.com/api/v2/guardian/factors
    method: GET
  response:
    body: '[{"name":"sms","enabled":false,"trial_expired":false},{"name":"push-notification","enabled":false,"trial_expired":false},{"name":"otp","enabled":false,"trial_expired":false},{"name":"email","enabled":true,"trial_expired":false},{"name":"duo","enabled":false,"trial_expired":false},{"name":"webauthn-roaming","enabled":false,"trial_expired":false},{"name":"webauthn-platform","enabled":false,"trial_expired":false},{"name":"recovery-code","enabled":false,"trial_expired":false}]'
    headers:
      Content-Type:
      - application/json; charset=utf-8
    status: 200 OK
    code: 200
    duration: 1ms
- request:
    body: |
      {"enabled":false}
    form: {}
    headers:
      Content-Type:
      - application/json
      User-Agent:
      - Go-Auth0-SDK/0.6.4
    url: https://terraform-provider-auth0-dev.eu.auth0.com/api/v2/guardian/factors/email
    method: PUT
  response:
    body: '{"enabled":false}'
    headers:
      Content-Type:
      - application/json; charset=utf-8
    status: 200 OK
    code: 200
    duration: 1ms
- request:
    body: |
      {"enabled":false}
    form: {}
    headers:
      Content-Type:
      - application/json
      User-Agent:
      - Go-Auth0-SDK/0.6.4
    url: https://terraform-provider-auth0-dev.eu.auth0.com/api/v2/guardian/factors/sms
    method: PUT
  response:
    body: '{"enabled":false}'
    headers:
      Content-Type:
      - application/json; charset=utf-8
    status: 200 OK
    code: 200
    duration: 1ms
- request:
    body: |
      null
    form: {}
    headers:
      Content-Type:
      - application/json
      User-Agent:
      - Go-Auth0-SDK/0.6.4
    url: https://terraform-provider-auth0-dev.eu.auth0.com/api/v2/guardian/policies
    method: GET
  response:
    body: '["all-applications"]'
    headers:
      Content-Type:
      - application/json; charset=utf-8
    status: 200 OK
    code: 200
    duration: 1ms
- request:
    body: |
      null
    form: {}
    headers:
      Content-Type:
      - application/json
      User-Agent:
      - Go-Auth0-SDK/0.6.4
    url: https://terraform-provider-auth0-dev.eu.auth0.com/api/v2/guardian/factors
    method: GET
  response:
    body: '[{"name":"sms","enabled":false,"trial_expired":false},{"name":"push-notification","enabled":false,"trial_expired":false},{"name":"otp","enabled":false,"trial_expired":false},{"name":"email","enabled":false,"trial_expired":false},{"name":"duo","enabled":false,"trial_expired":false},{"name":"webauthn-roaming","enabled":false,"trial_expired":false},{"name":"webauthn-platform","enabled":false,"trial_expired":false},{"name":"recovery-code","enabled":false,"trial_expired":false}]'
    headers:
      Content-Type:
      - application/json; charset=utf-8
    status: 200 OK
    code: 200
    duration: 1ms
- request:
    body: |
      null
    form: {}
    headers:
      Content-Type:
      - application/json
      User-Agent:
      - Go-Auth0-SDK/0.6.4
    url: https://terraform-provider-auth0-dev.eu.auth0.com/api/v2/guardian/policies
    method: GET
  response:
    body: '["all-applications"]'
    headers:
      Content-Type:
      - application/json; charset=utf-8
    status: 200 OK
    code: 200
    duration: 1ms
- request:
    body: |
      null
    form: {}
    headers:
      Content-Type:
      - application/json
      User-Agent:
      - Go-Auth0-SDK/0.6.4
    url: https://terraform-provider-auth0-dev.eu.auth0.com/api/v2/guardian/factors
    method: GET
  response:
    body: '[{"name":"sms","enabled":false,"trial_expired":false},{"name":"push-notification","enabled":false,"trial_expired":false},{"name":"otp","enabled":false,"trial_expired":false},{"name":"email","enabled":false,"trial_expired":false},{"name":"duo","enabled":false,"trial_expired":false},{"name":"webauthn-roaming","enabled":false,"trial_expired":false},{"name":"webauthn-platform","enabled":false,"trial_expired":false},{"name":"recovery-code","enabled":false,"trial_expired":false}]'
    headers:
      Content-Type:
      - application/json; charset=utf-8
    status: 200 OK
    code: 200
    duration: 1ms
- request:
    body: |
      null
    form: {}
    headers:
      Content-Type:
      - application/json
      User-Agent:
      - Go-Auth0-SDK/0.6.4
    url: https://terraform-provider-auth0-dev.eu.auth0.com/api/v2/guardian/policies
    method: GET
  response:
    body: '["all-applications"]'
    headers:
      Content-Type:
      - application/json; charset=utf-8
    status: 200 OK
    code: 200
    duration: 1ms
- request:
    body: |
      null
    form: {}
    headers:
      Content-Type:
      - application/json
      User-Agent:
      - Go-Auth0-SDK/0.6.4
    url: https://terraform-provider-auth0-dev.eu.auth0.com/api/v2/guardian/factors
    method: GET
  response:
    body: '[{"name":"sms","enabled":false,"trial_expired":false},{"name":"push-notification","enabled":false,"trial_expired":false},{"name":"otp","enabled":false,"trial_expired":false},{"name":"email","enabled":false,"trial_expired":false},{"name":"duo","enabled":false,"trial_expired":false},{"name":"webauthn-roaming","enabled":false,"trial_expired":false},{"name":"webauthn-platform","enabled":false,"trial_expired":false},{"name":"recovery-code","enabled":false,"trial_expired":false}]'
    headers:
      Content-Type:
      - application/json; charset=utf-8
    status: 200 OK
    code: 200
    duration: 1ms
- request:
    body: |
      {"enabled":true}
    form: {}
    headers:
      Content-Type:
      - application/json
      User-Agent:
      - Go-Auth0-SDK/0.6.4
    url: https://terraform-provider-auth0-dev.eu.auth0.com/api/v2/guardian/factors/otp
    method: PUT
  response:
    body: '{"enabled":true}'
    headers:
      Content-Type:
      - application/json; charset=utf-8
    status: 200 OK
    code: 200
    duration: 1ms
- request:
    body: |
      {"enabled":false}
    form: {}
    headers:
      Content-Type:
      - application/json
      User-Agent:
      - Go-Auth0-SDK/0.6.4
    url: https://terraform-provider-auth0-dev.eu.auth0.com/api/v2/guardian/factors/sms
    method: PUT
  response:
    body: '{"enabled":false}'
    headers:
      Content-Type:
      - application/json; charset=utf-8
    status: 200 OK
    code: 200
    duration: 1ms
- request:
    body: |
      null
    form: {}
    headers:
      Content-Type:
      - application/json
      User-Agent:
      - Go-Auth0-SDK/0.6.4
    url: https://terraform-provider-auth0-dev.eu.auth0.com/api/v2/guardian/policies
    method: GET
  response:
    body: '["all-applications"]'
    headers:
      Content-Type:
      - application/json; charset=utf-8
    status: 200 OK
    code: 200
    duration: 1ms
- request:
    body: |
      null
    form: {}
    headers:
      Content-Type:
      - application/json
      User-Agent:
      - Go-Auth0-SDK/0.6.4
    url: https://terraform-provider-auth0-dev.eu.auth0.com/api/v2/guardian/factors
    method: GET
  response:
    body: '[{"name":"sms","enabled":false,"trial_expired":false},{"name":"push-notification","enabled":false,"trial_expired":false},{"name":"otp","enabled":true,"trial_expired":false},{"name":"email","enabled":false,"trial_expired":false},{"name":"duo","enabled":false,"trial_expired":false},{"name":"webauthn-roaming","enabled":false,"trial_expired":false},{"name":"webauthn-platform","enabled":false,"trial_expired":false},{"name":"recovery-code","enabled":false,"trial_expired":false}]'
    headers:
      Content-Type:
      - application/json; charset=utf-8
    status: 200 OK
    code: 200
    duration: 1ms
- request:
    body: |
      null
    form: {}
    headers:
      Content-Type:
      - application/json
      User-Agent:
      - Go-Auth0-SDK/0.6.4
    url: https://terraform-provider-auth0-dev.eu.auth0.com/api/v2/guardian/policies
    method: GET
  response:
    body: '["all-applications"]'
    headers:
      Content-Type:
      - application/json; charset=utf-8
    status: 200 OK
    code: 200
    duration: 1ms
- request:
    body: |
      null
    form: {}
    headers:
      Content-Type:
      - application/json
      User-Agent:
      - Go-Auth0-SDK/0.6.4
    url: https://terraform-provider-auth0-dev.eu.auth0.com/api/v2/guardian/factors
    method: GET
  response:
    body: '[{"name":"sms","enabled":false,"trial_expired":false},{"name":"push-notification","enabled":false,"trial_expired":false},{"name":"otp","enabled":true,"trial_expired":false},{"name":"email","enabled":false,"trial_expired":false},{"name":"duo","enabled":false,"trial_expired":false},{"name":"webauthn-roaming","enabled":false,"trial_expired":false},{"name":"webauthn-platform","enabled":false,"trial_expired":false},{"name":"recovery-code","enabled":false,"trial_expired":false}]'
    headers:
      Content-Type:
      - application/json; charset=utf-8
    status: 200 OK
    code: 200
    duration: 1ms
- request:
    body: |
      null
    form: {}
    headers:
      Content-Type:
      - application/json
      User-Agent:
      - Go-Auth0-SDK/0.6.4
    url: https://terraform-provider-auth0-dev.eu.auth0.com/api/v2/guardian/policies
    method: GET
  response:
    body: '["all-applications"]'
    headers:
      Content-Type:
      - application/json; charset=utf-8
    status: 200 OK
    code: 200
    duration: 1ms
- request:
    body: |
      null
    form: {}
    headers:
      Content-Type:
      - application/json
      User-Agent:
      - Go-Auth0-SDK/0.6.4
    url: https://terraform-provider-auth0-dev.eu.auth0.com/api/v2/guardian/factors
    method: GET
  response:
    body: '[{"name":"sms","enabled":false,"trial_expired":false},{"name":"push-notification","enabled":false,"trial_expired":false},{"name":"otp","enabled":true,"trial_expired":false},{"name":"email","enabled":false,"trial_expired":false},{"name":"duo","enabled":false,"trial_expired":false},{"name":"webauthn-roaming","enabled":false,"trial_expired":false},{"name":"webauthn-platform","enabled":false,"trial_expired":false},{"name":"recovery-code","enabled":false,"trial_expired":false}]'
    headers:
      Content-Type:
      - application/json; charset=utf-8
    status: 200 OK
    code: 200
    duration: 1ms
- request:
    body: |
      {"enabled":false}
    form: {}
    headers:
      Content-Type:
      - application/json
      User-Agent:
      - Go-Auth0-SDK/0.6.4
    url: https://terraform-provider-auth0-dev.eu.auth0.com/api/v2/guardian/factors/otp
    method: PUT
  response:
    body: '{"enabled":false}'
    headers:
      Content-Type:
      - application/json; charset=utf-8
    status: 200 OK
    code: 200
    duration: 1ms
- request:
    body: |
      {"enabled":false}
    form: {}
    headers:
      Content-Type:
      - application/json
      User-Agent:
      - Go-Auth0-SDK/0.6.4
    url: https://terraform-provider-auth0-dev.eu.auth0.com/api/v2/guardian/factors/sms
    method: PUT
  response:
    body: '{"enabled":false}'
    headers:
      Content-Type:
      - application/json; charset=utf-8
    status: 200 OK
    code: 200
    duration: 1ms
- request:
    body: |
      null
    form: {}
    headers:
      Content-Type:
      - application/json
      User-Agent:
      - Go-Auth0-SDK/0.6.4
    url: https://terraform-provider-auth0-dev.eu.auth0.com/api/v2/guardian/policies
    method: GET
  response:
    body: '["all-applications"]'
    headers:
      Content-Type:
      - application/json; charset=utf-8
    status: 200 OK
    code: 200
    duration: 1ms
- request:
    body: |
      null
    form: {}
    headers:
      Content-Type:
      - application/json
      User-Agent:
      - Go-Auth0-SDK/0.6.4
    url: https://terraform-provider-auth0-dev.eu.auth0.com/api/v2/guardian/factors
    method: GET
  response:
    body: '[{"name":"sms","enabled":false,"trial_expired":false},{"name":"push-notification","enabled":false,"trial_expired":false},{"name":"otp","enabled":false,"trial_expired":false},{"name":"email","enabled":false,"trial_expired":false},{"name":"duo","enabled":false,"trial_expired":false},{"name":"webauthn-roaming","enabled":false,"trial_expired":false},{"name":"webauthn-platform","enabled":false,"trial_expired":false},{"name":"recovery-code","enabled":false,"trial_expired":false}]'
    headers:
      Content-Type:
      - application/json; charset=utf-8
    status: 200 OK
    code: 200
    duration: 1ms
- request:
    body: |
      null
    form: {}
    headers:
      Content-Type:
      - application/json
      User-Agent:
      - Go-Auth0-SDK/0.6.4
    url: https://terraform-provider-auth0-dev.eu.auth0.com/api/v2/guardian/policies
    method: GET
  response:
    body: '["all-applications"]'
    headers:
      Content-Type:
      - application/json; charset=utf-8
    status: 200 OK
    code: 200
    duration: 1ms
- request:
    body: |
      null
    form: {}
    headers:
      Content-Type:
      - application/json
      User-Agent:
      - Go-Auth0-SDK/0.6.4
    url: https://terraform-provider-auth0-dev.eu.auth0.com/api/v2/guardian/factors
    method: GET
  response:
    body: '[{"name":"sms","enabled":false,"trial_expired":false},{"name":"push-notification","enabled":false,"trial_expired":false},{"name":"otp","enabled":false,"trial_expired":false},{"name":"email","enabled":false,"trial_expired":false},{"name":"duo","enabled":false,"trial_expired":false},{"name":"webauthn-roaming","enabled":false,"trial_expired":false},{"name":"webauthn-platform","enabled":false,"trial_expired":false},{"name":"recovery-code","enabled":false,"trial_expired":false}]'
    headers:
      Content-Type:
      - application/json; charset=utf-8
    status: 200 OK
    code: 200
    duration: 1ms
- request:
    body: |
      {"enabled":false}
    form: {}
    headers:
      Content-Type:
      - application/json
      User-Agent:
      - Go-Auth0-SDK/0.6.4
    url: https://terraform-provider-auth0-dev.eu.auth0.com/api/v2/guardian/factors/sms
    method: PUT
  response:
    body: '{"enabled":false}'
    headers:
      Content-Type:
      - application/json; charset=utf-8
    status: 200 OK
    code: 200
    duration: 1ms
- request:
    body: |
      {"enabled":false}
    form: {}
    headers:
      Content-Type:
      - application/json
      User-Agent:
      - Go-Auth0-SDK/0.6.4
    url: https://terraform-provider-auth0-dev.eu.auth0.com/api/v2/guardian/factors/email
    method: PUT
  response:
    body: '{"enabled":false}'
    headers:
      Content-Type:
      - application/json; charset=utf-8
    status: 200 OK
    code: 200
    duration: 1ms
- request:
    body: |
      {"enabled":false}
    form: {}
    headers:
      Content-Type:
      - application/json
      User-Agent:
      - Go-Auth0-SDK/0.6.4
    url: https://terraform-provider-auth0-dev.eu.auth0.com/api/v2/guardian/factors/otp
    method: PUT
  response:
    body: '{"enabled":false}'
    headers:
      Content-Type:
      - application/json; charset=utf-8
    status: 200 OK
    code: 200
    duration: 1ms
